18:06:08 **** Build of configuration Debug for project 1_led_toggle_addr_struct ****
make -j16 all 
arm-none-eabi-gcc -o "1_led_toggle_addr_struct.elf" @"objects.list"   -mcpu=cortex-m0plus -T"C:\DEV\Atacama\590\Study-Embedded-Systems-Bare-Metal-Programming-Ground-Up-STM32-\hal_workspace\1_led_toggle_addr_struct\STM32G071RBTX_FLASH.ld" --specs=nosys.specs -Wl,-Map="1_led_toggle_addr_struct.map" -Wl,--gc-sections -static --specs=nano.specs -mfloat-abi=soft -mthumb -Wl,--start-group -lc -lm -Wl,--end-group
Finished building target: 1_led_toggle_addr_struct.elf
 
arm-none-eabi-size   1_led_toggle_addr_struct.elf 
arm-none-eabi-objdump -h -S  1_led_toggle_addr_struct.elf  > "1_led_toggle_addr_struct.list"
   text	   data	    bss	    dec	    hex	filename
    548	      8	   1568	   2124	    84c	1_led_toggle_addr_struct.elf
Finished building: default.size.stdout
 
Finished building: 1_led_toggle_addr_struct.list
 

18:06:08 Build Finished. 0 errors, 0 warnings. (took 366ms)

